
> ewolyn-site@1.0.0 build
> next build

  Γû▓ Next.js 14.2.5
  - Environments: .env.local

   Creating an optimized production build ...
 Γ£ô Compiled successfully
   Linting and checking validity of types ...
   Collecting page data ...
   Generating static pages (0/60) ...
   Generating static pages (15/60) 
   Generating static pages (30/60) 
   Generating static pages (45/60) 
 Γ£ô Generating static pages (60/60)
   Finalizing page optimization ...
   Collecting build traces ...

Route (app)                                                  Size     First Load JS
Γöî Γùï /                                                        23.1 kB         160 kB
Γö£ Γùï /_not-found                                              871 B            88 kB
Γö£ Γùï /about                                                   5.65 kB         148 kB
Γö£ Γùï /api/google-reviews                                      0 B                0 B
Γö£ Γùï /blogs                                                   22.4 kB         155 kB
Γö£ ΓùÅ /blogs/[slug]                                            183 B          94.1 kB
Γö£   Γö£ /blogs/udyam-registration-complete-guide-2026
Γö£   Γö£ /blogs/msme-growth-blueprint-micro-to-medium
Γö£   Γö£ /blogs/business-loan-under-50-lakh-without-collateral
Γö£   Γöö [+9 more paths]
Γö£ Γùï /brochure                                                137 B          87.3 kB
Γö£ Γùï /contact                                                 8.46 kB         141 kB
Γö£ Γùï /eligibility-results                                     9.63 kB         142 kB
Γö£ Γùï /funding                                                 9.01 kB         150 kB
Γö£ ΓùÅ /funding/[slug]                                          1.58 kB         134 kB
Γö£   Γö£ /funding/naif-scheme
Γö£   Γö£ /funding/pm-mudra-yojana
Γö£   Γö£ /funding/pmegp
Γö£   Γöö [+16 more paths]
Γö£ Γùï /impact                                                  187 B           142 kB
Γö£ Γùï /privacy-policy                                          183 B          94.1 kB
Γö£ Γùï /refund-policy                                           183 B          94.1 kB
Γö£ Γùï /schemes                                                 5.28 kB         146 kB
Γö£ Γùï /services                                                4.48 kB         142 kB
Γö£ ╞Æ /services/[slug]                                         40.7 kB         173 kB
Γö£ Γùï /services/business-registration                          4.74 kB         142 kB
Γö£ Γùï /services/certifications                                 4.41 kB         142 kB
Γö£ Γùï /services/cibil-assistance                               5.17 kB         142 kB
Γö£ Γùï /services/grants                                         4.59 kB         142 kB
Γö£ Γùï /services/growth-strategy                                4.48 kB         142 kB
Γö£ Γùï /services/legal                                          4.52 kB         142 kB
Γö£ Γùï /services/loans                                          5.14 kB         142 kB
Γö£ Γùï /services/ma-advisory                                    3.1 kB          140 kB
Γö£ Γùï /services/marketing                                      4.67 kB         142 kB
Γö£ Γùï /services/nbfc                                           4.79 kB         142 kB
Γö£ Γùï /services/tax-exemption-benefits                         4.85 kB         142 kB
Γö£ Γùï /success-stories                                         183 B          94.1 kB
Γöö Γùï /terms-conditions                                        183 B          94.1 kB
+ First Load JS shared by all                                87.1 kB
  Γö£ chunks/23-0daeb1c9a7723aac.js                            31.5 kB
  Γö£ chunks/fd9d1056-199cba9879f49bf4.js                      53.6 kB
  Γöö other shared chunks (total)                              1.96 kB


Γùï  (Static)   prerendered as static content
ΓùÅ  (SSG)      prerendered as static HTML (uses getStaticProps)
╞Æ  (Dynamic)  server-rendered on demand

